
--- MAIL SENT ON 2026-08-04 22:21:18.009376 ---
Subject: Smart College Portal - Account Created
Date: 2026-08-04 22:21:18
To: goswamihimanshu035@gmail.com (himanshu goswami)
------------------------------------------------------------
Hello himanshu goswami,

Your account on the Smart College Analytics System has been created.

Here are your portal access credentials:
👉 Portal Role: STUDENT
👉 Username / ID: mca24004
👉 Temporary Password: SCAS-ZSK8T

⚠️ NOTICE: This is a system auto-generated password.
For security reasons, kindly log in and change your password immediately.

Best regards,
Dean System Administrator
Smart College Portal Support Team
------------------------------------------------------------
============================================================

--- MAIL SENT ON 2026-08-04 22:21:18.171453 ---
Subject: Smart College Portal - Account Created
Date: 2026-08-04 22:21:18
To: sathvarajigar2@gmail.com (jignesh sathavara)
------------------------------------------------------------
Hello jignesh sathavara,

Your account on the Smart College Analytics System has been created.

Here are your portal access credentials:
👉 Portal Role: STUDENT
👉 Username / ID: mca24005
👉 Temporary Password: SCAS-9VT2E

⚠️ NOTICE: This is a system auto-generated password.
For security reasons, kindly log in and change your password immediately.

Best regards,
Dean System Administrator
Smart College Portal Support Team
------------------------------------------------------------
============================================================

--- MAIL SENT ON 2026-08-04 22:21:27.383858 ---
Subject: Smart College Portal - Account Created
Date: 2026-08-04 22:21:27
To: cdpatel@college.edu (Dr. CD Patel)
------------------------------------------------------------
Hello Dr. CD Patel,

Your account on the Smart College Analytics System has been created.

Here are your portal access credentials:
👉 Portal Role: FACULTY
👉 Username / ID: cdpatel
👉 Temporary Password: SCAS-O8I1T

⚠️ NOTICE: This is a system auto-generated password.
For security reasons, kindly log in and change your password immediately.

Best regards,
Dean System Administrator
Smart College Portal Support Team
------------------------------------------------------------
============================================================

--- MAIL SENT ON 2026-08-04 22:21:27.561341 ---
Subject: Smart College Portal - Account Created
Date: 2026-08-04 22:21:27
To: sanjaybhai@college.edu (Prof. sanjaybhai patel)
------------------------------------------------------------
Hello Prof. sanjaybhai patel,

Your account on the Smart College Analytics System has been created.

Here are your portal access credentials:
👉 Portal Role: FACULTY
👉 Username / ID: sanjaybhai
👉 Temporary Password: SCAS-RX3X8

⚠️ NOTICE: This is a system auto-generated password.
For security reasons, kindly log in and change your password immediately.

Best regards,
Dean System Administrator
Smart College Portal Support Team
------------------------------------------------------------
============================================================

--- MAIL SENT ON 2026-08-04 23:00:55.837765 ---
Subject: Smart College Portal - Account Created
Date: 2026-08-04 23:00:55
To: goswamihimanshu035@gmail.com (himanshu goswami)
------------------------------------------------------------
Hello himanshu goswami,

Your account on the Smart College Analytics System has been created.

Here are your portal access credentials:
👉 Portal Role: STUDENT
👉 Username / ID: goswamihimanshu035@gmail.com
👉 Temporary Password: SCAS-0A847

⚠️ NOTICE: This is a system auto-generated password.
For security reasons, kindly log in and change your password immediately.

Best regards,
Dean System Administrator
Smart College Portal Support Team
------------------------------------------------------------
============================================================

--- MAIL SENT ON 2026-08-04 23:00:55.992467 ---
Subject: Smart College Portal - Account Created
Date: 2026-08-04 23:00:55
To: sathvarajigar2@gmail.com (jignesh sathavara)
------------------------------------------------------------
Hello jignesh sathavara,

Your account on the Smart College Analytics System has been created.

Here are your portal access credentials:
👉 Portal Role: STUDENT
👉 Username / ID: sathvarajigar2@gmail.com
👉 Temporary Password: SCAS-V5LNC

⚠️ NOTICE: This is a system auto-generated password.
For security reasons, kindly log in and change your password immediately.

Best regards,
Dean System Administrator
Smart College Portal Support Team
------------------------------------------------------------
============================================================

--- MAIL SENT ON 2026-08-05 21:14:51.843645 ---
Subject: Smart College Portal - Temporary Password Reset
Date: 2026-08-05 21:14:51
To: sathvarajigar2@gmail.com (jignesh sathavara)
------------------------------------------------------------
Hello jignesh sathavara,

Your account on the Smart College Analytics System has been reset.

Here are your portal access credentials:
👉 Portal Role: STUDENT
👉 Username / ID: sathvarajigar2@gmail.com
👉 Temporary Password: SCAS-RESET-4OVQ9

⚠️ NOTICE: This is a system auto-generated password.
For security reasons, kindly log in and change your password immediately.

Best regards,
Dean System Administrator
Smart College Portal Support Team
------------------------------------------------------------
============================================================

--- MAIL SENT ON 2026-08-07 21:39:59.967183 ---
Subject: Smart College Portal - Temporary Password Reset
Date: 2026-08-07 21:39:59
To: r.sharma@college.edu (Dr. Rajesh Sharma)
------------------------------------------------------------
Hello Dr. Rajesh Sharma,

Your account on the Smart College Analytics System has been reset.

Here are your portal access credentials:
👉 Portal Role: FACULTY
👉 Username / ID: dr_sharma
👉 Temporary Password: SCAS-VVR4I

⚠️ IMPORTANT NOTICE: This is a system auto-generated or default password.
For security reasons, you are kindly requested to log in and change your password immediately.

Best regards,
Dean System Administrator
Smart College Portal Support Team
------------------------------------------------------------
============================================================

--- MAIL SENT ON 2026-08-07 21:40:24.908125 ---
Subject: Smart College Portal - Account Created
Date: 2026-08-07 21:40:24
To: csvstudent@college.edu (CSV Student)
------------------------------------------------------------
Hello CSV Student,

Your account on the Smart College Analytics System has been created.

Here are your portal access credentials:
👉 Portal Role: STUDENT
👉 Username / ID: csvstudent@college.edu
👉 Temporary Password: CustomPass123

⚠️ IMPORTANT NOTICE: This is a system auto-generated or default password.
For security reasons, you are kindly requested to log in and change your password immediately.

Best regards,
Dean System Administrator
Smart College Portal Support Team
------------------------------------------------------------
============================================================

--- MAIL SENT ON 2026-08-07 21:45:39.362103 ---
Subject: Smart College Portal - Account Created
Date: 2026-08-07 21:45:39
To: goswamihimanshu035@gmail.com (himanshu goswami)
------------------------------------------------------------
Hello himanshu goswami,

Your account on the Smart College Analytics System has been created.

Here are your portal access credentials:
👉 Portal Role: STUDENT
👉 Username / ID: goswamihimanshu035@gmail.com
👉 Temporary Password: SCASStudent123

⚠️ IMPORTANT NOTICE: This is a system auto-generated or default password.
For security reasons, you are kindly requested to log in and change your password immediately.

Best regards,
Dean System Administrator
Smart College Portal Support Team
------------------------------------------------------------
============================================================

--- MAIL SENT ON 2026-08-07 21:45:39.549475 ---
Subject: Smart College Portal - Account Created
Date: 2026-08-07 21:45:39
To: sathvarajigar2@gmail.com (jignesh sathavara)
------------------------------------------------------------
Hello jignesh sathavara,

Your account on the Smart College Analytics System has been created.

Here are your portal access credentials:
👉 Portal Role: STUDENT
👉 Username / ID: sathvarajigar2@gmail.com
👉 Temporary Password: SCASStudent123

⚠️ IMPORTANT NOTICE: This is a system auto-generated or default password.
For security reasons, you are kindly requested to log in and change your password immediately.

Best regards,
Dean System Administrator
Smart College Portal Support Team
------------------------------------------------------------
============================================================

--- MAIL SENT ON 2026-08-07 21:48:03.220703 ---
Subject: Smart College Portal - Temporary Password Reset
Date: 2026-08-07 21:48:03
To: goswamihimanshu035@gmail.com (himanshu goswami)
------------------------------------------------------------
Hello himanshu goswami,

Your account on the Smart College Analytics System has been reset.

Here are your portal access credentials:
👉 Portal Role: STUDENT
👉 Username / ID: goswamihimanshu035@gmail.com
👉 Temporary Password: SCAS-K2FQX

⚠️ IMPORTANT NOTICE: This is a system auto-generated or default password.
For security reasons, you are kindly requested to log in and change your password immediately.

Best regards,
Dean System Administrator
Smart College Portal Support Team
------------------------------------------------------------
============================================================

--- MAIL SENT ON 2026-08-07 21:48:03.398679 ---
Subject: Smart College Portal - Temporary Password Reset
Date: 2026-08-07 21:48:03
To: sathvarajigar2@gmail.com (jignesh sathavara)
------------------------------------------------------------
Hello jignesh sathavara,

Your account on the Smart College Analytics System has been reset.

Here are your portal access credentials:
👉 Portal Role: STUDENT
👉 Username / ID: sathvarajigar2@gmail.com
👉 Temporary Password: SCAS-7AMU3

⚠️ IMPORTANT NOTICE: This is a system auto-generated or default password.
For security reasons, you are kindly requested to log in and change your password immediately.

Best regards,
Dean System Administrator
Smart College Portal Support Team
------------------------------------------------------------
============================================================

--- MAIL SENT ON 2026-08-07 21:48:03.566642 ---
Subject: Smart College Portal - Temporary Password Reset
Date: 2026-08-07 21:48:03
To: test_student1@college.edu (Test Student One)
------------------------------------------------------------
Hello Test Student One,

Your account on the Smart College Analytics System has been reset.

Here are your portal access credentials:
👉 Portal Role: STUDENT
👉 Username / ID: test_student1@college.edu
👉 Temporary Password: SCAS-969TE

⚠️ IMPORTANT NOTICE: This is a system auto-generated or default password.
For security reasons, you are kindly requested to log in and change your password immediately.

Best regards,
Dean System Administrator
Smart College Portal Support Team
------------------------------------------------------------
============================================================

--- MAIL SENT ON 2026-08-07 21:48:03.803555 ---
Subject: Smart College Portal - Temporary Password Reset
Date: 2026-08-07 21:48:03
To: test_student2@college.edu (Test Student Two)
------------------------------------------------------------
Hello Test Student Two,

Your account on the Smart College Analytics System has been reset.

Here are your portal access credentials:
👉 Portal Role: STUDENT
👉 Username / ID: test_student2@college.edu
👉 Temporary Password: SCAS-8XBR4

⚠️ IMPORTANT NOTICE: This is a system auto-generated or default password.
For security reasons, you are kindly requested to log in and change your password immediately.

Best regards,
Dean System Administrator
Smart College Portal Support Team
------------------------------------------------------------
============================================================

--- MAIL SENT ON 2026-08-07 21:48:35.454190 ---
Subject: Smart College Portal - Temporary Password Reset
Date: 2026-08-07 21:48:35
To: goswamihimanshu035@gmail.com (himanshu goswami)
------------------------------------------------------------
Hello himanshu goswami,

Your account on the Smart College Analytics System has been reset.

Here are your portal access credentials:
👉 Portal Role: STUDENT
👉 Username / ID: goswamihimanshu035@gmail.com
👉 Temporary Password: SCAS-QD1MG

⚠️ IMPORTANT NOTICE: This is a system auto-generated or default password.
For security reasons, you are kindly requested to log in and change your password immediately.

Best regards,
Dean System Administrator
Smart College Portal Support Team
------------------------------------------------------------
============================================================

--- MAIL SENT ON 2026-08-07 21:48:35.636235 ---
Subject: Smart College Portal - Temporary Password Reset
Date: 2026-08-07 21:48:35
To: sathvarajigar2@gmail.com (jignesh sathavara)
------------------------------------------------------------
Hello jignesh sathavara,

Your account on the Smart College Analytics System has been reset.

Here are your portal access credentials:
👉 Portal Role: STUDENT
👉 Username / ID: sathvarajigar2@gmail.com
👉 Temporary Password: SCAS-RKS7H

⚠️ IMPORTANT NOTICE: This is a system auto-generated or default password.
For security reasons, you are kindly requested to log in and change your password immediately.

Best regards,
Dean System Administrator
Smart College Portal Support Team
------------------------------------------------------------
============================================================

--- MAIL SENT ON 2026-08-07 21:49:58.026907 ---
Subject: Smart College Portal - Temporary Password Reset
Date: 2026-08-07 21:49:58
To: test_faculty1@college.edu (Test Faculty Member)
------------------------------------------------------------
Hello Test Faculty Member,

Your account on the Smart College Analytics System has been reset.

Here are your portal access credentials:
👉 Portal Role: FACULTY
👉 Username / ID: test_faculty1@college.edu
👉 Temporary Password: SCAS-KRJFL

⚠️ IMPORTANT NOTICE: This is a system auto-generated or default password.
For security reasons, you are kindly requested to log in and change your password immediately.

Best regards,
Dean System Administrator
Smart College Portal Support Team
------------------------------------------------------------
============================================================

--- MAIL SENT ON 2026-08-07 21:51:48.321533 ---
Subject: Smart College Portal - Temporary Password Reset
Date: 2026-08-07 21:51:48
To: goswamihimanshu035@gmail.com (himanshu goswami)
------------------------------------------------------------
Hello himanshu goswami,

Your account on the Smart College Analytics System has been reset.

Here are your portal access credentials:
👉 Portal Role: STUDENT
👉 Username / ID: goswamihimanshu035@gmail.com
👉 Temporary Password: SCAS-T8551

⚠️ IMPORTANT NOTICE: This is a system auto-generated or default password.
For security reasons, you are kindly requested to log in and change your password immediately.

Best regards,
Dean System Administrator
Smart College Portal Support Team
------------------------------------------------------------
============================================================

--- MAIL SENT ON 2026-08-07 21:51:52.299798 ---
Subject: Smart College Portal - Temporary Password Reset
Date: 2026-08-07 21:51:52
To: sathvarajigar2@gmail.com (jignesh sathavara)
------------------------------------------------------------
Hello jignesh sathavara,

Your account on the Smart College Analytics System has been reset.

Here are your portal access credentials:
👉 Portal Role: STUDENT
👉 Username / ID: sathvarajigar2@gmail.com
👉 Temporary Password: SCAS-9D3UY

⚠️ IMPORTANT NOTICE: This is a system auto-generated or default password.
For security reasons, you are kindly requested to log in and change your password immediately.

Best regards,
Dean System Administrator
Smart College Portal Support Team
------------------------------------------------------------
============================================================

--- MAIL SENT ON 2026-08-08 15:33:23.549781 ---
Subject: Smart College Portal - Account Created
Date: 2026-08-08 15:33:23
To: testmanstudent@college.edu (Test Manual Student)
------------------------------------------------------------
Hello Test Manual Student,

Your account on the Smart College Analytics System has been created.

Here are your portal access credentials:
👉 Portal Role: STUDENT
👉 Login ID (Email): testmanstudent@college.edu
👉 Password: tempPass123

⚠️ IMPORTANT NOTICE: This is a default/temporary password.
For security reasons, you are kindly requested to log in and change your password immediately.

Best regards,
Dean System Administrator
Smart College Portal Support Team
------------------------------------------------------------
============================================================

--- MAIL SENT ON 2026-08-08 15:33:42.599148 ---
Subject: Smart College Portal - Account Created
Date: 2026-08-08 15:33:42
To: testmanstudent@college.edu (Test Manual Student)
------------------------------------------------------------
Hello Test Manual Student,

Your account on the Smart College Analytics System has been created.

Here are your portal access credentials:
👉 Portal Role: STUDENT
👉 Login ID (Email): testmanstudent@college.edu
👉 Password: tempPass123

⚠️ IMPORTANT NOTICE: This is a default/temporary password.
For security reasons, you are kindly requested to log in and change your password immediately.

Best regards,
Dean System Administrator
Smart College Portal Support Team
------------------------------------------------------------
============================================================

--- MAIL SENT ON 2026-08-08 15:34:35.825257 ---
Subject: Smart College Portal - Account Created
Date: 2026-08-08 15:34:35
To: goswamihimanshu035@gmail.com (himanshu goswami)
------------------------------------------------------------
Hello himanshu goswami,

Your account on the Smart College Analytics System has been created.

Here are your portal access credentials:
👉 Portal Role: STUDENT
👉 Login ID (Email): goswamihimanshu035@gmail.com
👉 Password: SCASStudent123

⚠️ IMPORTANT NOTICE: This is a default/temporary password.
For security reasons, you are kindly requested to log in and change your password immediately.

Best regards,
Dean System Administrator
Smart College Portal Support Team
------------------------------------------------------------
============================================================

--- MAIL SENT ON 2026-08-08 15:34:36.150119 ---
Subject: Smart College Portal - Account Created
Date: 2026-08-08 15:34:36
To: sathvarajigar2@gmail.com (jignesh sathavara)
------------------------------------------------------------
Hello jignesh sathavara,

Your account on the Smart College Analytics System has been created.

Here are your portal access credentials:
👉 Portal Role: STUDENT
👉 Login ID (Email): sathvarajigar2@gmail.com
👉 Password: SCASStudent123

⚠️ IMPORTANT NOTICE: This is a default/temporary password.
For security reasons, you are kindly requested to log in and change your password immediately.

Best regards,
Dean System Administrator
Smart College Portal Support Team
------------------------------------------------------------
============================================================

--- MAIL SENT ON 2026-08-08 15:34:40.229047 ---
Subject: Smart College Portal - Temporary Password Reset
Date: 2026-08-08 15:34:40
To: goswamihimanshu035@gmail.com (himanshu goswami)
------------------------------------------------------------
Hello himanshu goswami,

Your account on the Smart College Analytics System has been reset.

Here are your portal access credentials:
👉 Portal Role: STUDENT
👉 Login ID (Email): goswamihimanshu035@gmail.com
👉 Password: SCAS-MURP4

⚠️ IMPORTANT NOTICE: This is a default/temporary password.
For security reasons, you are kindly requested to log in and change your password immediately.

Best regards,
Dean System Administrator
Smart College Portal Support Team
------------------------------------------------------------
============================================================

--- MAIL SENT ON 2026-08-08 15:34:40.514756 ---
Subject: Smart College Portal - Temporary Password Reset
Date: 2026-08-08 15:34:40
To: sathvarajigar2@gmail.com (jignesh sathavara)
------------------------------------------------------------
Hello jignesh sathavara,

Your account on the Smart College Analytics System has been reset.

Here are your portal access credentials:
👉 Portal Role: STUDENT
👉 Login ID (Email): sathvarajigar2@gmail.com
👉 Password: SCAS-VIUT7

⚠️ IMPORTANT NOTICE: This is a default/temporary password.
For security reasons, you are kindly requested to log in and change your password immediately.

Best regards,
Dean System Administrator
Smart College Portal Support Team
------------------------------------------------------------
============================================================

--- MAIL SENT ON 2026-08-08 21:50:08.045302 ---
Subject: Smart College Portal - Account Created
Date: 2026-08-08 21:50:08
To: testmanstudent@college.edu (Test Manual Student)
------------------------------------------------------------
Hello Test Manual Student,

Your account on the Smart College Analytics System has been created.

Here are your portal access credentials:
👉 Portal Role: STUDENT
👉 Login ID (Email): testmanstudent@college.edu
👉 Password: tempPass123

⚠️ IMPORTANT NOTICE: This is a default/temporary password.
For security reasons, you are kindly requested to log in and change your password immediately.

Best regards,
Dean System Administrator
Smart College Portal Support Team
------------------------------------------------------------
============================================================

--- MAIL SENT ON 2026-08-08 21:51:46.226490 ---
Subject: Smart College Portal - Account Created
Date: 2026-08-08 21:51:46
To: testmanstudent@college.edu (Test Manual Student)
------------------------------------------------------------
Hello Test Manual Student,

Your account on the Smart College Analytics System has been created.

Here are your portal access credentials:
👉 Portal Role: STUDENT
👉 Login ID (Email): testmanstudent@college.edu
👉 Password: tempPass123

⚠️ IMPORTANT NOTICE: This is a default/temporary password.
For security reasons, you are kindly requested to log in and change your password immediately.

Best regards,
Dean System Administrator
Smart College Portal Support Team
------------------------------------------------------------
============================================================

--- MAIL SENT ON 2026-08-08 21:56:28.391319 ---
Subject: Smart College Portal - Account Created
Date: 2026-08-08 21:56:28
To: testmanstudent@college.edu (Test Manual Student)
------------------------------------------------------------
Hello Test Manual Student,

Your account on the Smart College Analytics System has been created.

Here are your portal access credentials:
👉 Portal Role: STUDENT
👉 Login ID (Email): testmanstudent@college.edu
👉 Password: tempPass123

⚠️ IMPORTANT NOTICE: This is a default/temporary password.
For security reasons, you are kindly requested to log in and change your password immediately.

Best regards,
Dean System Administrator
Smart College Portal Support Team
------------------------------------------------------------
============================================================

--- MAIL SENT ON 2026-08-08 21:57:21.653171 ---
Subject: Smart College Portal - Account Created
Date: 2026-08-08 21:57:21
To: goswamihimanshu035@gmail.com (himanshu goswami)
------------------------------------------------------------
Hello himanshu goswami,

Your account on the Smart College Analytics System has been created.

Here are your portal access credentials:
👉 Portal Role: STUDENT
👉 Login ID (Email): goswamihimanshu035@gmail.com
👉 Password: SCASStudent123

⚠️ IMPORTANT NOTICE: This is a default/temporary password.
For security reasons, you are kindly requested to log in and change your password immediately.

Best regards,
Dean System Administrator
Smart College Portal Support Team
------------------------------------------------------------
============================================================

--- MAIL SENT ON 2026-08-08 21:57:21.959640 ---
Subject: Smart College Portal - Account Created
Date: 2026-08-08 21:57:21
To: sathvarajigar2@gmail.com (jignesh sathavara)
------------------------------------------------------------
Hello jignesh sathavara,

Your account on the Smart College Analytics System has been created.

Here are your portal access credentials:
👉 Portal Role: STUDENT
👉 Login ID (Email): sathvarajigar2@gmail.com
👉 Password: SCASStudent123

⚠️ IMPORTANT NOTICE: This is a default/temporary password.
For security reasons, you are kindly requested to log in and change your password immediately.

Best regards,
Dean System Administrator
Smart College Portal Support Team
------------------------------------------------------------
============================================================

--- MAIL SENT ON 2026-08-08 21:57:31.913462 ---
Subject: Smart College Portal - Temporary Password Reset
Date: 2026-08-08 21:57:31
To: goswamihimanshu035@gmail.com (himanshu goswami)
------------------------------------------------------------
Hello himanshu goswami,

Your account on the Smart College Analytics System has been reset.

Here are your portal access credentials:
👉 Portal Role: STUDENT
👉 Login ID (Email): goswamihimanshu035@gmail.com
👉 Password: SCAS-IK32Y

⚠️ IMPORTANT NOTICE: This is a default/temporary password.
For security reasons, you are kindly requested to log in and change your password immediately.

Best regards,
Dean System Administrator
Smart College Portal Support Team
------------------------------------------------------------
============================================================

--- MAIL SENT ON 2026-08-08 21:57:32.069746 ---
Subject: Smart College Portal - Temporary Password Reset
Date: 2026-08-08 21:57:32
To: sathvarajigar2@gmail.com (jignesh sathavara)
------------------------------------------------------------
Hello jignesh sathavara,

Your account on the Smart College Analytics System has been reset.

Here are your portal access credentials:
👉 Portal Role: STUDENT
👉 Login ID (Email): sathvarajigar2@gmail.com
👉 Password: SCAS-LIB8O

⚠️ IMPORTANT NOTICE: This is a default/temporary password.
For security reasons, you are kindly requested to log in and change your password immediately.

Best regards,
Dean System Administrator
Smart College Portal Support Team
------------------------------------------------------------
============================================================

--- MAIL SENT ON 2026-08-08 22:01:13.253998 ---
Subject: Smart College Portal - Account Created
Date: 2026-08-08 22:01:13
To: testmanstudent@college.edu (Test Manual Student)
------------------------------------------------------------
Hello Test Manual Student,

Your account on the Smart College Analytics System has been created.

Here are your portal access credentials:
👉 Portal Role: STUDENT
👉 Login ID (Email): testmanstudent@college.edu
👉 Password: tempPass123

⚠️ IMPORTANT NOTICE: This is a default/temporary password.
For security reasons, you are kindly requested to log in and change your password immediately.

Best regards,
Dean System Administrator
Smart College Portal Support Team
------------------------------------------------------------
============================================================

--- MAIL SENT ON 2026-08-08 22:02:01.168935 ---
Subject: Smart College Portal - Temporary Password Reset
Date: 2026-08-08 22:02:01
To: sathvarajigar2@gmail.com (jignesh sathavara)
------------------------------------------------------------
Hello jignesh sathavara,

Your account on the Smart College Analytics System has been reset.

Here are your portal access credentials:
👉 Portal Role: STUDENT
👉 Login ID (Email): sathvarajigar2@gmail.com
👉 Password: SCAS-Q8DWR

⚠️ IMPORTANT NOTICE: This is a default/temporary password.
For security reasons, you are kindly requested to log in and change your password immediately.

Best regards,
Dean System Administrator
Smart College Portal Support Team
------------------------------------------------------------
============================================================

--- MAIL SENT ON 2026-08-08 22:09:10.405811 ---
Subject: Smart College Portal - Account Created
Date: 2026-08-08 22:09:10
To: sathavarajignesh2@gmail.com (Jignesh Sathavara)
------------------------------------------------------------
Hello Jignesh Sathavara,

Your account on the Smart College Analytics System has been created.

Here are your portal access credentials:
👉 Portal Role: STUDENT
👉 Login ID (Email): sathavarajignesh2@gmail.com
👉 Password: TestPassword123

⚠️ IMPORTANT NOTICE: This is a default/temporary password.
For security reasons, you are kindly requested to log in and change your password immediately.

Best regards,
Dean System Administrator
Smart College Portal Support Team
------------------------------------------------------------
============================================================

--- MAIL SENT ON 2026-08-08 22:09:28.944159 ---
Subject: Smart College Portal - Temporary Password Reset
Date: 2026-08-08 22:09:28
To: goswamihimanshu035@gmail.com (himanshu goswami)
------------------------------------------------------------
Hello himanshu goswami,

Your account on the Smart College Analytics System has been reset.

Here are your portal access credentials:
👉 Portal Role: STUDENT
👉 Login ID (Email): goswamihimanshu035@gmail.com
👉 Password: SCAS-4N7CW

⚠️ IMPORTANT NOTICE: This is a default/temporary password.
For security reasons, you are kindly requested to log in and change your password immediately.

Best regards,
Dean System Administrator
Smart College Portal Support Team
------------------------------------------------------------
============================================================

--- MAIL SENT ON 2026-08-08 22:09:29.202183 ---
Subject: Smart College Portal - Temporary Password Reset
Date: 2026-08-08 22:09:29
To: sathvarajigar2@gmail.com (jignesh sathavara)
------------------------------------------------------------
Hello jignesh sathavara,

Your account on the Smart College Analytics System has been reset.

Here are your portal access credentials:
👉 Portal Role: STUDENT
👉 Login ID (Email): sathvarajigar2@gmail.com
👉 Password: SCAS-V1PJO

⚠️ IMPORTANT NOTICE: This is a default/temporary password.
For security reasons, you are kindly requested to log in and change your password immediately.

Best regards,
Dean System Administrator
Smart College Portal Support Team
------------------------------------------------------------
============================================================

--- MAIL SENT ON 2026-08-08 22:09:52.473726 ---
Subject: Smart College Portal - Temporary Password Reset
Date: 2026-08-08 22:09:52
To: goswamihimanshu035@gmail.com (himanshu goswami)
------------------------------------------------------------
Hello himanshu goswami,

Your account on the Smart College Analytics System has been reset.

Here are your portal access credentials:
👉 Portal Role: STUDENT
👉 Login ID (Email): goswamihimanshu035@gmail.com
👉 Password: SCAS-ORMXY

⚠️ IMPORTANT NOTICE: This is a default/temporary password.
For security reasons, you are kindly requested to log in and change your password immediately.

Best regards,
Dean System Administrator
Smart College Portal Support Team
------------------------------------------------------------
============================================================

--- MAIL SENT ON 2026-08-08 22:09:52.763785 ---
Subject: Smart College Portal - Temporary Password Reset
Date: 2026-08-08 22:09:52
To: sathvarajigar2@gmail.com (jignesh sathavara)
------------------------------------------------------------
Hello jignesh sathavara,

Your account on the Smart College Analytics System has been reset.

Here are your portal access credentials:
👉 Portal Role: STUDENT
👉 Login ID (Email): sathvarajigar2@gmail.com
👉 Password: SCAS-X3LKO

⚠️ IMPORTANT NOTICE: This is a default/temporary password.
For security reasons, you are kindly requested to log in and change your password immediately.

Best regards,
Dean System Administrator
Smart College Portal Support Team
------------------------------------------------------------
============================================================

--- MAIL SENT ON 2026-08-08 22:10:40.666039 ---
Subject: Smart College Portal - Temporary Password Reset
Date: 2026-08-08 22:10:40
To: sathavarajignesh2@gmail.com (Jignesh Sathavara)
------------------------------------------------------------
Hello Jignesh Sathavara,

Your account on the Smart College Analytics System has been reset.

Here are your portal access credentials:
👉 Portal Role: STUDENT
👉 Login ID (Email): sathavarajignesh2@gmail.com
👉 Password: TestPassword456

⚠️ IMPORTANT NOTICE: This is a default/temporary password.
For security reasons, you are kindly requested to log in and change your password immediately.

Best regards,
Dean System Administrator
Smart College Portal Support Team
------------------------------------------------------------
============================================================

--- MAIL SENT ON 2026-08-08 22:11:28.352863 ---
Subject: Smart College Portal - Temporary Password Reset
Date: 2026-08-08 22:11:28
To: goswamihimanshu035@gmail.com (himanshu goswami)
------------------------------------------------------------
Hello himanshu goswami,

Your account on the Smart College Analytics System has been reset.

Here are your portal access credentials:
👉 Portal Role: STUDENT
👉 Login ID (Email): goswamihimanshu035@gmail.com
👉 Password: SCAS-FUW9Q

⚠️ IMPORTANT NOTICE: This is a default/temporary password.
For security reasons, you are kindly requested to log in and change your password immediately.

Best regards,
Dean System Administrator
Smart College Portal Support Team
------------------------------------------------------------
============================================================

--- MAIL SENT ON 2026-08-08 22:11:28.545342 ---
Subject: Smart College Portal - Temporary Password Reset
Date: 2026-08-08 22:11:28
To: sathvarajigar2@gmail.com (jignesh sathavara)
------------------------------------------------------------
Hello jignesh sathavara,

Your account on the Smart College Analytics System has been reset.

Here are your portal access credentials:
👉 Portal Role: STUDENT
👉 Login ID (Email): sathvarajigar2@gmail.com
👉 Password: SCAS-85GOV

⚠️ IMPORTANT NOTICE: This is a default/temporary password.
For security reasons, you are kindly requested to log in and change your password immediately.

Best regards,
Dean System Administrator
Smart College Portal Support Team
------------------------------------------------------------
============================================================

--- MAIL SENT ON 2026-08-08 22:13:08.004743 ---
Subject: Smart College Portal - Temporary Password Reset
Date: 2026-08-08 22:13:08
To: goswamihimanshu035@gmail.com (himanshu goswami)
------------------------------------------------------------
Hello himanshu goswami,

Your account on the Smart College Analytics System has been reset.

Here are your portal access credentials:
👉 Portal Role: STUDENT
👉 Login ID (Email): goswamihimanshu035@gmail.com
👉 Password: SCAS-I122P

⚠️ IMPORTANT NOTICE: This is a default/temporary password.
For security reasons, you are kindly requested to log in and change your password immediately.

Best regards,
Dean System Administrator
Smart College Portal Support Team
------------------------------------------------------------
============================================================

--- MAIL SENT ON 2026-08-08 22:13:08.296965 ---
Subject: Smart College Portal - Temporary Password Reset
Date: 2026-08-08 22:13:08
To: sathvarajigar2@gmail.com (jignesh sathavara)
------------------------------------------------------------
Hello jignesh sathavara,

Your account on the Smart College Analytics System has been reset.

Here are your portal access credentials:
👉 Portal Role: STUDENT
👉 Login ID (Email): sathvarajigar2@gmail.com
👉 Password: SCAS-VRJN8

⚠️ IMPORTANT NOTICE: This is a default/temporary password.
For security reasons, you are kindly requested to log in and change your password immediately.

Best regards,
Dean System Administrator
Smart College Portal Support Team
------------------------------------------------------------
============================================================

--- MAIL SENT ON 2026-08-08 22:13:59.360282 ---
Subject: Smart College Portal - Temporary Password Reset
Date: 2026-08-08 22:13:59
To: sathvarajigar2@gmail.com (jignesh sathavara)
------------------------------------------------------------
Hello jignesh sathavara,

Your account on the Smart College Analytics System has been reset.

Here are your portal access credentials:
👉 Portal Role: STUDENT
👉 Login ID (Email): sathvarajigar2@gmail.com
👉 Password: SCAS-EJNUY

⚠️ IMPORTANT NOTICE: This is a default/temporary password.
For security reasons, you are kindly requested to log in and change your password immediately.

Best regards,
Dean System Administrator
Smart College Portal Support Team
------------------------------------------------------------
============================================================

--- MAIL SENT ON 2026-08-08 22:15:04.619144 ---
Subject: Smart College Portal - Temporary Password Reset
Date: 2026-08-08 22:15:04
To: sathavarajignesh2@gmail.com (Test Student)
------------------------------------------------------------
Hello Test Student,

Your account on the Smart College Analytics System has been reset.

Here are your portal access credentials:
👉 Portal Role: STUDENT
👉 Login ID (Email): sathavarajignesh2@gmail.com
👉 Password: SCAS-PIC10

⚠️ IMPORTANT NOTICE: This is a default/temporary password.
For security reasons, you are kindly requested to log in and change your password immediately.

Best regards,
Dean System Administrator
Smart College Portal Support Team
------------------------------------------------------------
============================================================

--- MAIL SENT ON 2026-08-08 22:15:12.204260 ---
Subject: Smart College Portal - Temporary Password Reset
Date: 2026-08-08 22:15:12
To: sathavarajignesh2+faculty@gmail.com (Test Faculty)
------------------------------------------------------------
Hello Test Faculty,

Your account on the Smart College Analytics System has been reset.

Here are your portal access credentials:
👉 Portal Role: FACULTY
👉 Login ID (Email): sathavarajignesh2+faculty@gmail.com
👉 Password: SCAS-235A5

⚠️ IMPORTANT NOTICE: This is a default/temporary password.
For security reasons, you are kindly requested to log in and change your password immediately.

Best regards,
Dean System Administrator
Smart College Portal Support Team
------------------------------------------------------------
============================================================

--- MAIL SENT ON 2026-08-08 22:17:12.875264 ---
Subject: Smart College Portal - Temporary Password Reset
Date: 2026-08-08 22:17:12
To: goswamihimanshu035@gmail.com (himanshu goswami)
------------------------------------------------------------
Hello himanshu goswami,

Your account on the Smart College Analytics System has been reset.

Here are your portal access credentials:
👉 Portal Role: STUDENT
👉 Login ID (Email): goswamihimanshu035@gmail.com
👉 Password: SCAS-S2IQP

⚠️ IMPORTANT NOTICE: This is a default/temporary password.
For security reasons, you are kindly requested to log in and change your password immediately.

Best regards,
Dean System Administrator
Smart College Portal Support Team
------------------------------------------------------------
============================================================

--- MAIL SENT ON 2026-08-08 22:17:13.077009 ---
Subject: Smart College Portal - Temporary Password Reset
Date: 2026-08-08 22:17:13
To: sathvarajigar2@gmail.com (jignesh sathavara)
------------------------------------------------------------
Hello jignesh sathavara,

Your account on the Smart College Analytics System has been reset.

Here are your portal access credentials:
👉 Portal Role: STUDENT
👉 Login ID (Email): sathvarajigar2@gmail.com
👉 Password: SCAS-2N4ZE

⚠️ IMPORTANT NOTICE: This is a default/temporary password.
For security reasons, you are kindly requested to log in and change your password immediately.

Best regards,
Dean System Administrator
Smart College Portal Support Team
------------------------------------------------------------
============================================================

--- MAIL SENT ON 2026-08-08 22:18:40.964135 ---
Subject: Smart College Portal - Account Created
Date: 2026-08-08 22:18:40
To: testmanstudent@college.edu (Test Manual Student)
------------------------------------------------------------
Hello Test Manual Student,

Your account on the Smart College Analytics System has been created.

Here are your portal access credentials:
👉 Portal Role: STUDENT
👉 Login ID (Email): testmanstudent@college.edu
👉 Password: tempPass123

⚠️ IMPORTANT NOTICE: This is a default/temporary password.
For security reasons, you are kindly requested to log in and change your password immediately.

Best regards,
Dean System Administrator
Smart College Portal Support Team
------------------------------------------------------------
============================================================

--- MAIL SENT ON 2026-08-08 22:19:02.869777 ---
Subject: Smart College Portal - Account Created
Date: 2026-08-08 22:19:02
To: testmanstudent@college.edu (Test Manual Student)
------------------------------------------------------------
Hello Test Manual Student,

Your account on the Smart College Analytics System has been created.

Here are your portal access credentials:
👉 Portal Role: STUDENT
👉 Login ID (Email): testmanstudent@college.edu
👉 Password: tempPass123

⚠️ IMPORTANT NOTICE: This is a default/temporary password.
For security reasons, you are kindly requested to log in and change your password immediately.

Best regards,
Dean System Administrator
Smart College Portal Support Team
------------------------------------------------------------
============================================================

--- MAIL SENT ON 2026-08-08 22:19:28.688127 ---
Subject: Smart College Portal - Temporary Password Reset
Date: 2026-08-08 22:19:28
To: goswamihimanshu035@gmail.com (himanshu goswami)
------------------------------------------------------------
Hello himanshu goswami,

Your account on the Smart College Analytics System has been reset.

Here are your portal access credentials:
👉 Portal Role: STUDENT
👉 Login ID (Email): goswamihimanshu035@gmail.com
👉 Password: SCAS-YZ9ZZ

⚠️ IMPORTANT NOTICE: This is a default/temporary password.
For security reasons, you are kindly requested to log in and change your password immediately.

Best regards,
Dean System Administrator
Smart College Portal Support Team
------------------------------------------------------------
============================================================

--- MAIL SENT ON 2026-08-08 22:19:34.918288 ---
Subject: Smart College Portal - Temporary Password Reset
Date: 2026-08-08 22:19:34
To: sathvarajigar2@gmail.com (jignesh sathavara)
------------------------------------------------------------
Hello jignesh sathavara,

Your account on the Smart College Analytics System has been reset.

Here are your portal access credentials:
👉 Portal Role: STUDENT
👉 Login ID (Email): sathvarajigar2@gmail.com
👉 Password: SCAS-7AC70

⚠️ IMPORTANT NOTICE: This is a default/temporary password.
For security reasons, you are kindly requested to log in and change your password immediately.

Best regards,
Dean System Administrator
Smart College Portal Support Team
------------------------------------------------------------
============================================================

--- MAIL SENT ON 2026-08-08 22:22:51.246350 ---
Subject: Smart College Portal - Account Created
Date: 2026-08-08 22:22:51
To: testmanstudent@college.edu (Test Manual Student)
------------------------------------------------------------
Hello Test Manual Student,

Your account on the Smart College Analytics System has been created.

Here are your portal access credentials:
👉 Portal Role: STUDENT
👉 Login ID (Email): testmanstudent@college.edu
👉 Password: tempPass123

⚠️ IMPORTANT NOTICE: This is a default/temporary password.
For security reasons, you are kindly requested to log in and change your password immediately.

Best regards,
Dean System Administrator
Smart College Portal Support Team
------------------------------------------------------------
============================================================

--- MAIL SENT ON 2026-08-08 22:23:03.581660 ---
Subject: Smart College Portal - Account Created
Date: 2026-08-08 22:23:03
To: testmanstudent@college.edu (Test Manual Student)
------------------------------------------------------------
Hello Test Manual Student,

Your account on the Smart College Analytics System has been created.

Here are your portal access credentials:
👉 Portal Role: STUDENT
👉 Login ID (Email): testmanstudent@college.edu
👉 Password: tempPass123

⚠️ IMPORTANT NOTICE: This is a default/temporary password.
For security reasons, you are kindly requested to log in and change your password immediately.

Best regards,
Dean System Administrator
Smart College Portal Support Team
------------------------------------------------------------
============================================================

--- MAIL SENT ON 2026-08-08 22:23:18.400642 ---
Subject: Smart College Portal - Account Created
Date: 2026-08-08 22:23:18
To: testmanstudent@college.edu (Test Manual Student)
------------------------------------------------------------
Hello Test Manual Student,

Your account on the Smart College Analytics System has been created.

Here are your portal access credentials:
👉 Portal Role: STUDENT
👉 Login ID (Email): testmanstudent@college.edu
👉 Password: tempPass123

⚠️ IMPORTANT NOTICE: This is a default/temporary password.
For security reasons, you are kindly requested to log in and change your password immediately.

Best regards,
Dean System Administrator
Smart College Portal Support Team
------------------------------------------------------------
============================================================

--- MAIL SENT ON 2026-08-08 22:26:02.039225 ---
Subject: Smart College Portal - Temporary Password Reset
Date: 2026-08-08 22:26:02
To: sathvarajigar2@gmail.com (jignesh sathavara)
------------------------------------------------------------
Hello jignesh sathavara,

Your account on the Smart College Analytics System has been reset.

Here are your portal access credentials:
👉 Portal Role: STUDENT
👉 Login ID (Email): sathvarajigar2@gmail.com
👉 Password: SCAS-RESET-6WRGD

⚠️ IMPORTANT NOTICE: This is a default/temporary password.
For security reasons, you are kindly requested to log in and change your password immediately.

Best regards,
Dean System Administrator
Smart College Portal Support Team
------------------------------------------------------------
============================================================
